[backblue.gif]
[fade.gif]
[index.html]
[ucjeps.berkeley.edu/common/images/logo_jeps_80.png]
[ucjeps.berkeley.edu/common/images/common_spacer.gif]
[ucjeps.berkeley.edu/IJM_fam_key.html]
[ucjeps.berkeley.edu/jeps/index.html]
[ucjeps.berkeley.edu/common/images/JepsonLogoSmall.png]
[ucjeps.berkeley.edu/eflora/common/images/ijm_banner_6.jpg]
[ucjeps.berkeley.edu/eflora/common/images/ijm_banner_1.jpg]
[ucjeps.berkeley.edu/eflora/common/images/ijm_banner_2.jpg]
[ucjeps.berkeley.edu/eflora/common/images/ijm_banner_4.jpg]
[ucjeps.berkeley.edu/eflora/common/images/ijm_banner_5.jpg]
[ucjeps.berkeley.edu/eflora/common/images/pt.jpg]
[ucjeps.berkeley.edu/eflora/exploded_map.png]
[ucjeps.berkeley.edu/eflora/index.html]
[ucjeps.berkeley.edu/IJM_keys/IJM_key_Group1.html]
[ucjeps.berkeley.edu/IJM_keys/IJM_key_Group2.html]
[ucjeps.berkeley.edu/IJM_keys/IJM_key_Group3.html]
[ucjeps.berkeley.edu/IJM_keys/IJM_key_Group4.html]
[ucjeps.berkeley.edu/IJM_keys/IJM_key_Group5.html]
[ucjeps.berkeley.edu/IJM_keys/IJM_key_Group6.html]
[ucjeps.berkeley.edu/IJM_keys/IJM_key_Group7.html]
[ucjeps.berkeley.edu/IJM_keys/IJM_key_Group8.html]
[ucjeps.berkeley.edu/IJM_keys/IJM_key_Group9.html]
[ucjeps.berkeley.edu/IJM_keys/IJM_key_Group10.html]
[ucjeps.berkeley.edu/IJM_keys/IJM_key_Group11.html]
[ucjeps.berkeley.edu/IJM_keys/IJM_key_Group12.html]
[ucjeps.berkeley.edu/IJM_keys/IJM_key_Group13.html]
[ucjeps.berkeley.edu/IJM_keys/IJM_key_Group14.html]
[ucjeps.berkeley.edu/IJM_keys/IJM_key_Group15.html]
[ucjeps.berkeley.edu/IJM_keys/IJM_key_Group16.html]
[ucjeps.berkeley.edu/IJM_keys/IJM_key_Group17.html]
[ucjeps.berkeley.edu/IJM_keys/IJM_key_Group18.html]
[ucjeps.berkeley.edu/IJM_keys/IJM_key_Group19.html]
[ucjeps.berkeley.edu/IJM_keys/IJM_key_Group20.html]
[ucjeps.berkeley.edu/IJM_keys/IJM_key_Group21.html]
[ucjeps.berkeley.edu/IJM_keys/IJM_key_Group22.html]
[ucjeps.berkeley.edu/IJM_keys/IJM_key_Group23.html]
[ucjeps.berkeley.edu/IJM_keys/IJM_key_Group24.html]
[ucjeps.berkeley.edu/common/Pluginlab/Scripts/menu_ucjeps_home.js]
[ucjeps.berkeley.edu/Scripts/AC_RunActiveContent.js]
[ucjeps.berkeley.edu/common/images/uclogo_250.png]
[ucjeps.berkeley.edu/common/images/menu/menu_Danielle_Hacker_and_Kim_Kersh.jpg]
[ucjeps.berkeley.edu/common/images/menu/menu_allium_crispum.png]
[ucjeps.berkeley.edu/common/images/menu/menu_madia_elegans_densifolia.png]
[ucjeps.berkeley.edu/common/images/menu/menu_e_truncatum_scott_hein.jpg]
[ucjeps.berkeley.edu/common/images/menu/menu_antithamnion_cruciatum.png]
[ucjeps.berkeley.edu/common/images/menu/menu_2006_calday_plant_display.png]
[ucjeps.berkeley.edu/common/images/menu/menu_sphagnum_mendocinum.png]
[ucjeps.berkeley.edu/common/images/facebook-64.png]
[ucjeps.berkeley.edu/common/images/tumblr-64.png]
[ucjeps.berkeley.edu/common/images/joyce_chery.jpg]
[ucjeps.berkeley.edu/common/images/A_glandulosa_thumb.jpg]
[ucjeps.berkeley.edu/common/images/CCH_logo_filled.png]
[ucjeps.berkeley.edu/common/php/Fremontia_Vol44No1_MarkosMoeBaxter.pdf]
[ucjeps.berkeley.edu/common/images/L_bern_D_Bell.jpg]
[ucjeps.berkeley.edu/common/images/2016ScheduleAnnounce.jpg]
[ucjeps.berkeley.edu/common/images/conifer.jpg]
[ucjeps.berkeley.edu/common/images/specht_CAS.jpg]
[ucjeps.berkeley.edu/common/images/mclaughlin.jpg]
[ucjeps.berkeley.edu/common/images/microfungus.jpg]
[ucjeps.berkeley.edu/common/images/Porella.jpg]
[ucjeps.berkeley.edu/common/images/SBF21_announcement.pdf]
[ucjeps.berkeley.edu/common/images/moss_thumb.jpg]
[ucjeps.berkeley.edu/common/images/macrofungus.jpg]
[ucjeps.berkeley.edu/common/images/analytics_thumb.png]
[ucjeps.berkeley.edu/common/images/Beidleman.jpg]
[ucjeps.berkeley.edu/common/images/AlanSmith.jpg]
[ucjeps.berkeley.edu/Acacia_Australia-Nature_Com(thumbnail).jpg]
[ucjeps.berkeley.edu/common/images/fucus.jpg]
[ucjeps.berkeley.edu/common/images/SBSthumb.jpg]
[ucjeps.berkeley.edu/images/paul_silva.jpg]
[ucjeps.berkeley.edu/images/CA_lichens.jpg]
[ucjeps.berkeley.edu/CPD/CA_PE.jpg]
[ucjeps.berkeley.edu/CPD/CA_seaweeds_eflora.pdf]
[ucjeps.berkeley.edu/CPD/botryo.jpg]
[ucjeps.berkeley.edu/images/Fine.jpg]
[ucjeps.berkeley.edu/images/sonia_n.jpg]
[ucjeps.berkeley.edu/images/SBF18_Kirsten.jpg]
[ucjeps.berkeley.edu/images/rod_park.jpg]
[ucjeps.berkeley.edu/images/jordon-thaden-walker.png]
[ucjeps.berkeley.edu/news/2013_JordonThaden_MenzelAward.pdf]
[ucjeps.berkeley.edu/news/2013_JordonThaden_NERDSaward.pdf]
[ucjeps.berkeley.edu/images/Madia_161.jpg]
[ucjeps.berkeley.edu/images/cysto_161.gif]
[ucjeps.berkeley.edu/VolunteerSat.jpg]
[ucjeps.berkeley.edu/common/images/ico_consortium.jpg]
[ucjeps.berkeley.edu/common/images/ico_tarweed.png]
[ucjeps.berkeley.edu/common/images/ico_bnhm.gif]
[ucjeps.berkeley.edu/common/images/strips/strip_picea_breweriana.jpg]
[www.google-analytics.com/urchin.js]
[ucjeps.berkeley.edu/index.html]
[ucjeps.berkeley.edu/main/collections.html]
[ucjeps.berkeley.edu/main/directory.html]
[ucjeps.berkeley.edu/main/guidelines.html]
[ucjeps.berkeley.edu/main/volunteer.html]
[ucjeps.berkeley.edu/main/policies.html]
[ucjeps.berkeley.edu/history/index.html]
[ucjeps.berkeley.edu/main/research/index.html]
[ucjeps.berkeley.edu/main/research/faculty.html]
[ucjeps.berkeley.edu/common/images/CAbeesandblooms.jpg]
[images.ucpress.edu/covers/110/2817001.110.jpg]
[ucjeps.berkeley.edu/images/East_Bay.png]
[ucjeps.berkeley.edu/fernflier.pdf]
[ucjeps.berkeley.edu/images/PoM.jpg]
[ucjeps.berkeley.edu/tarweeds.jpg]
[ucjeps.berkeley.edu/constancea/constancea_color.jpg]
[images.ucpress.edu/covers/isbn13/9780520227750.jpg]
[ucjeps.berkeley.edu/images/Diablo4.jpg]
[ucjeps.berkeley.edu/cbs.logo.green.jpg]
[ucjeps.berkeley.edu/images/globe1small.png]
[ucjeps.berkeley.edu/images/IOC.jpg]
[ucjeps.berkeley.edu/images/madrono42-2.png]
[ucjeps.berkeley.edu/images/FloraV4part2.jpg]
[ucjeps.berkeley.edu/images/Trees_of_California.jpg]
[ucjeps.berkeley.edu/Herb_Pubs.html]
[ucjeps.berkeley.edu/common/Pluginlab/Scripts/menu_jepson_flora.js]
[ucjeps.berkeley.edu/tree_icon.gif]
[ucjeps.berkeley.edu/JM2.jpg]
[ucjeps.berkeley.edu/common/images/ico_interchange.png]
[ucjeps.berkeley.edu/common/images/ico_linnaeus.jpg]
[ucjeps.berkeley.edu/common/images/ico_poppy.jpg]
[ucjeps.berkeley.edu/common/images/ico_fb.jpg]
[ucjeps.berkeley.edu/common/images/strips/strip_roadside_flowers_bear_valley.jpg]
[ucjeps.berkeley.edu/jepsonflora/index.html]
[ucjeps.berkeley.edu/CPD/pelago_BW.jpg]
[ucjeps.berkeley.edu/CPD/PCS_small.jpg]
[ucjeps.berkeley.edu/CPD/pelago_RGB.jpg]
[ucjeps.berkeley.edu/common/audio/PCS_birthday_talk.mp3]
[ucjeps.berkeley.edu/CPD/algal_research.html]
[ucjeps.berkeley.edu/bryolab/CPPP/California_Phylodiversity_files/Californian_poppy_CP3.png]
[ucjeps.berkeley.edu/bryolab/CPPP/California_Phylodiversity_files/NSF.jpg]
[ucjeps.berkeley.edu/bryolab/Bryolab_files/jquery-1.js]
[ucjeps.berkeley.edu/bryolab/Bryolab_files/bootstrap.js]
[ucjeps.berkeley.edu/bryolab/CPPP/index.html]
[ucjeps.berkeley.edu/main/databases.html]
[ucjeps.berkeley.edu/specimens/index.html]
[ucjeps.berkeley.edu/images/index.html]
[ucjeps.berkeley.edu/consortium/index.html]
[ucjeps.berkeley.edu/tortula.jpg]
[ucjeps.berkeley.edu/bryolab/S_and_N.jpg]
[ucjeps.berkeley.edu/bryolab/UC_bryophytes.html]
[ucjeps.berkeley.edu/consortium/images/CCH_logo_02_80.png]
[ucjeps.berkeley.edu/interchange/index.html]
[ucjeps.berkeley.edu/db/icpn/index.html]
[ucjeps.berkeley.edu/INA.html]
[ucjeps.berkeley.edu/db/JPNI.html]
[ucjeps.berkeley.edu/efloras.html]
[connect.facebook.net/en_US/sdk.js]
[ucjeps.berkeley.edu/CA_moss_eflora/Campylopus_introflexus.jpg]
[ucjeps.berkeley.edu/CA_moss_eflora/BartramiaIthyphylla.jpg]
[ucjeps.berkeley.edu/CA_moss_eflora/dhnorris.jpg]
[ucjeps.berkeley.edu/CA_moss_eflora/Fontinalis_hypnoides.jpg]
[ucjeps.berkeley.edu/CA_moss_eflora/Hookeria_lucens.jpg]
[ucjeps.berkeley.edu/CA_moss_eflora/index.html]
[ajax.googleapis.com/ajax/libs/jquery/1.11.2/jquery.min.js]
[ajax.googleapis.com/ajax/libs/jqueryui/1.11.2/jquery-ui.min.js]
[code.jquery.com/ui/1.11.4/themes/smoothness/jquery-ui.css]
[ucjeps.berkeley.edu/common/images/pelagophycus.jpg]
[ucjeps.berkeley.edu/common/images/UC651624thumb.jpg]
[ucjeps.berkeley.edu/common/images/MAC.png]
[ucjeps.berkeley.edu/seaweedflora.html]
[ucjeps.berkeley.edu/efc/efc80.gif]
[ucjeps.berkeley.edu/efc/jeps.jpg]
[ucjeps.berkeley.edu/efc/index.html]
[ucjeps.berkeley.edu/main/education.html]
[ucjeps.berkeley.edu/common/images/activities/field_baldwin.jpg]
[ucjeps.berkeley.edu/common/images/activities/class_vernal_pool.jpg]
[ucjeps.berkeley.edu/common/images/activities/class_white_mountain.jpg]
[ucjeps.berkeley.edu/common/images/activities/class_margriet.jpg]
[ucjeps.berkeley.edu/workshops/index.html]
[ucjeps.berkeley.edu/main/opportunities.html]
[ucjeps.berkeley.edu/news/botanylunch/index.html]
[ucjeps.berkeley.edu/jeps/globe/Globe2014_Vol24No2.pdf]
[ucjeps.berkeley.edu/jeps/globe/Globe2014_Vol24No1.pdf]
[ucjeps.berkeley.edu/jeps/globe/Globe2013_Vol23No2.pdf]
[ucjeps.berkeley.edu/jeps/globe/Globe2013_Vol23No1.pdf]
[ucjeps.berkeley.edu/jeps/globe/Globe2012_Vol22No2.pdf]
